[bslthemes.com/html/cvio/index.html]
[backblue.gif]
[fade.gif]
[index.html]
[bslthemes.com/html/cvio/css/min-styles.css]
[bslthemes.com/html/cvio/css/fontawesome.css]
[bslthemes.com/html/cvio/images/favicons/favicon.ico]
[bslthemes.com/html/cvio/index_creative.html]
[bslthemes.com/html/cvio/index_slider.html]
[bslthemes.com/html/cvio/index_personal.html]
[bslthemes.com/html/cvio/index_onepage.html]
[bslthemes.com/html/cvio/index_image.html]
[bslthemes.com/html/cvio/index_video.html]
[bslthemes.com/html/cvio/resume.html]
[bslthemes.com/html/cvio/resume_image.html]
[bslthemes.com/html/cvio/resume_creative.html]
[bslthemes.com/html/cvio/works.html]
[bslthemes.com/html/cvio/works_creative.html]
[bslthemes.com/html/cvio/work_single.html]
[bslthemes.com/html/cvio/work_single_image.html]
[bslthemes.com/html/cvio/work_single_creative.html]
[bslthemes.com/html/cvio/contacts.html]
[bslthemes.com/html/cvio/contacts_map.html]
[bslthemes.com/html/cvio/contacts_image.html]
[bslthemes.com/html/cvio/contacts_creative.html]
[bslthemes.com/html/cvio/js/demo-bar.js]
[bslthemes.com/html/cvio/js/min.scripts.js]
[bslthemes.com/bslthms-advanced-btns/assets/style.css]
[bslthemes.com/html/cvio/index.html]
[bslthemes.com/bslthms-advanced-btns/assets/script.js]
[bslthemes.com/html/cvio/css/assets/images/android-search.html]
[bslthemes.com/html/cvio/css/min-styles.css]
[bslthemes.com/html/cvio/css/fontawesome.css]
[bslthemes.com/html/cvio/css/assets/images/pag.html]
[bslthemes.com/html/cvio/webfonts/fa-brands-400.eot]
[bslthemes.com/html/cvio/webfonts/fa-brands-400d41d.eot]
[bslthemes.com/html/cvio/webfonts/fa-brands-400.woff2]
[bslthemes.com/html/cvio/webfonts/fa-brands-400.woff]
[bslthemes.com/html/cvio/webfonts/fa-brands-400.ttf]
[bslthemes.com/html/cvio/css/brands.css]
[bslthemes.com/html/cvio/webfonts/fa-brands-400.svg]
[bslthemes.com/html/cvio/webfonts/fa-solid-900.eot]
[bslthemes.com/html/cvio/webfonts/fa-solid-900d41d.eot]
[bslthemes.com/html/cvio/webfonts/fa-solid-900.woff2]
[bslthemes.com/html/cvio/webfonts/fa-solid-900.woff]
[bslthemes.com/html/cvio/webfonts/fa-solid-900.ttf]
[bslthemes.com/html/cvio/css/solid.css]
[bslthemes.com/html/cvio/webfonts/fa-solid-900.svg]
[bslthemes.com/html/cvio/images/work1.jpg]
[bslthemes.com/html/cvio/images/work2.jpg]
[bslthemes.com/html/cvio/images/work3.jpg]
[bslthemes.com/html/cvio/images/work4.jpg]
[bslthemes.com/html/cvio/images/work7.jpg]
[bslthemes.com/html/cvio/images/work6.jpg]
[bslthemes.com/html/cvio/images/work5.jpg]
[bslthemes.com/html/cvio/images/work8.jpg]
[bslthemes.com/html/cvio/works_single_1.html]
[bslthemes.com/html/cvio/js/jquery.min.html]
[bslthemes.com/html/cvio/js/jquery.validate.html]
[bslthemes.com/html/cvio/js/magnific-popup.html]
[bslthemes.com/html/cvio/js/simpleParallax.html]
[bslthemes.com/html/cvio/js/typed.html]
[bslthemes.com/html/cvio/js/jarallax.html]
[bslthemes.com/html/cvio/js/jarallax-video.html]
[bslthemes.com/html/cvio/js/jarallax-element.html]
[bslthemes.com/html/cvio/js/imagesloaded.pkgd.html]
[bslthemes.com/html/cvio/js/isotope.pkgd.html]
[bslthemes.com/html/cvio/js/swiper.html]
[bslthemes.com/html/cvio/js/grained.html]
[bslthemes.com/html/cvio/index_creative.html]
[bslthemes.com/html/cvio/js/scripts.html]
[bslthemes.com/html/cvio/images/started_image.jpg]
[bslthemes.com/html/cvio/images/started_image2.jpg]
[bslthemes.com/html/cvio/images/started_image3.jpg]
[bslthemes.com/html/cvio/images/started_image4.jpg]
[bslthemes.com/html/cvio/index_slider.html]
[bslthemes.com/html/cvio/images/man.jpg]
[bslthemes.com/html/cvio/index_personal.html]
[bslthemes.com/html/cvio/images/started_image_p.jpg]
[bslthemes.com/html/cvio/images/man2.jpg]
[bslthemes.com/html/cvio/images/team1.jpg]
[bslthemes.com/html/cvio/images/team2.jpg]
[bslthemes.com/html/cvio/images/rev1.jpg]
[bslthemes.com/html/cvio/images/client1.png]
[bslthemes.com/html/cvio/images/client3.png]
[bslthemes.com/html/cvio/images/client2.png]
[bslthemes.com/html/cvio/images/client4.png]
[bslthemes.com/html/cvio/index_onepage.html]
[bslthemes.com/html/cvio/index_image.html]
[bslthemes.com/html/cvio/index_video.html]
[bslthemes.com/html/cvio/resume.html]
[bslthemes.com/html/cvio/images/resume_bg.jpg]
[bslthemes.com/html/cvio/resume_image.html]
[bslthemes.com/html/cvio/resume_creative.html]
[bslthemes.com/html/cvio/works.html]
[bslthemes.com/html/cvio/works_creative.html]
[bslthemes.com/html/cvio/work_single.html]
[bslthemes.com/html/cvio/images/works_single.jpg]
[bslthemes.com/html/cvio/work_single_image.html]
[bslthemes.com/html/cvio/work_single_creative.html]
[bslthemes.com/html/cvio/contacts.html]
[bslthemes.com/html/cvio/contacts_map.html]
[bslthemes.com/html/cvio/contacts_image.html]
[bslthemes.com/html/cvio/contacts_creative.html]
[bslthemes.com/bslthms-advanced-btns/assets/style.css]
[api.fornex.org/landings/static-fornex-custom/img/prlx-bg-main.png]
[api.fornex.org/landings/static-fornex-custom/img/logo.png]
[api.fornex.org/landings/static-fornex-custom/img/logo-dark.png]
[api.fornex.org/landings/static-fornex-custom/img/icons/403.png]
[bslthemes.com/html/cvio/css/assets/images/android-search.html]
[bslthemes.com/html/cvio/css/assets/images/pag.html]
[bslthemes.com/html/cvio/webfonts/fa-brands-400.svg]
[bslthemes.com/html/cvio/webfonts/fa-solid-900.svg]
[bslthemes.com/html/cvio/works_single_1.html]
[bslthemes.com/html/cvio/js/jquery.min.html]
[bslthemes.com/html/cvio/js/jquery.validate.html]
[bslthemes.com/html/cvio/js/magnific-popup.html]
[bslthemes.com/html/cvio/js/simpleParallax.html]
[bslthemes.com/html/cvio/js/typed.html]
[bslthemes.com/html/cvio/js/jarallax.html]
[bslthemes.com/html/cvio/js/jarallax-video.html]
[bslthemes.com/html/cvio/js/jarallax-element.html]
[bslthemes.com/html/cvio/js/imagesloaded.pkgd.html]
[bslthemes.com/html/cvio/js/isotope.pkgd.html]
[bslthemes.com/html/cvio/js/swiper.html]
[bslthemes.com/html/cvio/js/grained.html]
[bslthemes.com/html/cvio/js/scripts.html]
[api.fornex.org/landings/static-fornex-custom/img/sprite.png]
[api.fornex.org/landings/static-fornex-custom/img/sprite@2x.png]
[api.fornex.org/landings/static-fornex-custom/css/base.css]
